{
  "attachments": [
    {
      "color": "#dcd8e1",
      "blocks": [
        {
          "type": "section",
          "text": {
            "type": "mrkdwn",
            "text": "*Diginfra output*\n```──────────────────────────────────\n```"
          }
        }
      ]
    }
  ],
  "blocks": [
    {
      "type": "section",
      "text": {
        "type": "mrkdwn",
        "text": "💰 Diginfra estimate: *Monthly estimate generated*"
      }
    },
    {
      "type": "divider"
    },
    {
      "type": "section",
      "fields": [
        {
          "type": "plain_text",
          "text": "Project"
        },
        {
          "type": "plain_text",
          "text": "Diff"
        },
        {
          "type": "plain_text",
          "text": "diginfra/diginfra/..._nochange_plan.json"
        },
        {
          "type": "plain_text",
          "text": "$0.00 ($41 → $41)"
        }
      ]
    }
  ],
  "replace_original": false,
  "delete_original": false
}
